// Jest Snapshot v1, https://goo.gl/fbAQLP

exports[`DialogConfigButton.js shows the proper disabled DialogFormButton 1`] = `
<DocumentFragment>
  <div>
    <button
      class="MuiButtonBase-root MuiButton-root MuiButton-outlined MuiButton-outlinedSecondary MuiButton-sizeSmall MuiButton-outlinedSizeSmall Mui-disabled MuiButton-root MuiButton-outlined MuiButton-outlinedSecondary MuiButton-sizeSmall MuiButton-outlinedSizeSmall css-nnjl0l-MuiButtonBase-root-MuiButton-root"
      data-testid="open-settings-dialog"
      disabled=""
      tabindex="-1"
      type="button"
    >
      <svg
        aria-hidden="true"
        class="MuiSvgIcon-root MuiSvgIcon-fontSizeMedium css-i4bv87-MuiSvgIcon-root"
        data-testid="SettingsIcon"
        focusable="false"
        viewBox="0 0 24 24"
      >
        <path
          d="M19.14 12.94c.04-.3.06-.61.06-.94 0-.32-.02-.64-.07-.94l2.03-1.58c.18-.14.23-.41.12-.61l-1.92-3.32c-.12-.22-.37-.29-.59-.22l-2.39.96c-.5-.38-1.03-.7-1.62-.94l-.36-2.54c-.04-.24-.24-.41-.48-.41h-3.84c-.24 0-.43.17-.47.41l-.36 2.54c-.59.24-1.13.57-1.62.94l-2.39-.96c-.22-.08-.47 0-.59.22L2.74 8.87c-.12.21-.08.47.12.61l2.03 1.58c-.05.3-.09.63-.09.94s.02.64.07.94l-2.03 1.58c-.18.14-.23.41-.12.61l1.92 3.32c.12.22.37.29.59.22l2.39-.96c.5.38 1.03.7 1.62.94l.36 2.54c.05.24.24.41.48.41h3.84c.24 0 .44-.17.47-.41l.36-2.54c.59-.24 1.13-.56 1.62-.94l2.39.96c.22.08.47 0 .59-.22l1.92-3.32c.12-.22.07-.47-.12-.61l-2.01-1.58zM12 15.6c-1.98 0-3.6-1.62-3.6-3.6s1.62-3.6 3.6-3.6 3.6 1.62 3.6 3.6-1.62 3.6-3.6 3.6z"
        />
      </svg>
    </button>
  </div>
</DocumentFragment>
`;

exports[`DialogConfigButton.js shows the proper enabled DialogFormButton 1`] = `
<DocumentFragment>
  <div>
    <button
      class="MuiButtonBase-root MuiButton-root MuiButton-outlined MuiButton-outlinedSecondary MuiButton-sizeSmall MuiButton-outlinedSizeSmall MuiButton-root MuiButton-outlined MuiButton-outlinedSecondary MuiButton-sizeSmall MuiButton-outlinedSizeSmall css-nnjl0l-MuiButtonBase-root-MuiButton-root"
      data-testid="open-settings-dialog"
      tabindex="0"
      type="button"
    >
      <svg
        aria-hidden="true"
        class="MuiSvgIcon-root MuiSvgIcon-fontSizeMedium css-i4bv87-MuiSvgIcon-root"
        data-testid="SettingsIcon"
        focusable="false"
        viewBox="0 0 24 24"
      >
        <path
          d="M19.14 12.94c.04-.3.06-.61.06-.94 0-.32-.02-.64-.07-.94l2.03-1.58c.18-.14.23-.41.12-.61l-1.92-3.32c-.12-.22-.37-.29-.59-.22l-2.39.96c-.5-.38-1.03-.7-1.62-.94l-.36-2.54c-.04-.24-.24-.41-.48-.41h-3.84c-.24 0-.43.17-.47.41l-.36 2.54c-.59.24-1.13.57-1.62.94l-2.39-.96c-.22-.08-.47 0-.59.22L2.74 8.87c-.12.21-.08.47.12.61l2.03 1.58c-.05.3-.09.63-.09.94s.02.64.07.94l-2.03 1.58c-.18.14-.23.41-.12.61l1.92 3.32c.12.22.37.29.59.22l2.39-.96c.5.38 1.03.7 1.62.94l.36 2.54c.05.24.24.41.48.41h3.84c.24 0 .44-.17.47-.41l.36-2.54c.59-.24 1.13-.56 1.62-.94l2.39.96c.22.08.47 0 .59-.22l1.92-3.32c.12-.22.07-.47-.12-.61l-2.01-1.58zM12 15.6c-1.98 0-3.6-1.62-3.6-3.6s1.62-3.6 3.6-3.6 3.6 1.62 3.6 3.6-1.62 3.6-3.6 3.6z"
        />
      </svg>
    </button>
  </div>
</DocumentFragment>
`;
