// Jest Snapshot v1, https://goo.gl/fbAQLP

exports[`StyledText.js shows the proper StyledText 1`] = `
<DocumentFragment>
  <p
    class="MuiTypography-root MuiTypography-body1 css-1w94e69-MuiTypography-root"
  >
    text
  </p>
</DocumentFragment>
`;
